 Working (1)
╭──────────────────────────────────────────────────────────╮
│  P0  1 ▶active ?  ?                                      │
│ Active work                                              │
│                                                          │
│                                                          │
│                                                          │
╰──────────────────────────────────────────────────────────╯











[ Cards ]   Tree   Tab: tab  h/j/k/l: move  Pg: page  q/Esc…