 Waiting Human (1)                                     Working (1)                                          Live tmux (1)
╭────────────────────────────────────────────────────╮╭───────────────────────────────────────────────────╮╭───────────────────────────────────────────────────╮
│  P0  0 ▶review ?  ?                                ││  P0  1 active ?  ?                                ││  P0  2  ?  ?                                      │
│ Review me                                          ││ Active work                                       ││ Plain tmux                                        │
│                                                    ││                                                   ││                                                   │
│                                                    ││                                                   ││                                                   │
│                                                    ││                                                   ││                                                   │
╰────────────────────────────────────────────────────╯╰───────────────────────────────────────────────────╯╰───────────────────────────────────────────────────╯











[ Cards ]   Tree                  Tab: tab  h/j/k/l: move  Pg: page  q/Esc: close  x: stop  /: search  gw: labels  Enter: drill  a: switch  o/Sp: open  V: views