╭────────────────────────────────────────────────────────────────────╮
│Create New Task                                                     │
│────────────────────────────────────────────────────────────────────│
││ Title:                                      Actions               │
││ > Add grom renderer for detail view maybe   ──────────────────────│
││ Add grom renderer for detail view            Tab / Shift+Tab      │
││ maybe?                                      Switch fields         │
││ Description:                                 Ctrl+C Clear focused │
││ ┃   1 review panel structure and            field                 │
││ ┃     preserve layout                        T/B/F/E/C Set type   │
││ ┃                                            0/1/2/3/4 Set        │
││ ┃                                           priority              │
││ Type: [●T] [ B] [ F] [ E] [ C]               h/l or ←/→ Cycle impl│
││ Priority: [ 0] [ 1] [●2] [ 3] [ 4]          combinations          │
││ Impls: [<] (none) [>]                        Ctrl+P Paste image   │
││ Acceptance Criteria:                         j/k + d Manage       │
││ ┃   1 Acceptance criteria (optional)...     attachments           │
││ ┃                                            Enter Create task    │
││ ┃                                            Ctrl+E Edit in       │
╰────────────────────────────────────────────────────────────────────╯