╭────────────────────────────────────────────────────────────────────╮
│Create New Task                                                     │
│────────────────────────────────────────────────────────────────────│
││ Title:                                      Actions               │
││ > Add grom renderer for detail view maybe   ──────────────────────│
││ Description:                                 Tab / Shift+Tab      │
││ ┃   1 review panel structure and            Switch fields         │
││ ┃     preserve layout                        Ctrl+C Clear focused │
││ ┃                                           field                 │
││ ┃                                            T/B/F/E/C Set type   │
││ Type: [●T] [ B] [ F] [ E] [ C]               0/1/2/3/4 Set        │
││ Priority: [ 0] [ 1] [●2] [ 3] [ 4]          priority              │
││ Impls: [<] (none) [>]                        h/l or ←/→ Cycle impl│
││ Acceptance Criteria:                        combinations          │
││ ┃   1 Acceptance criteria (optional)...      Ctrl+P Paste image   │
││ ┃                                           (edit task)           │
││ ┃                                            Ctrl+O Paste image   │
││                                             (alias)               │
││ [ Create Task ]                              j/k + d Manage       │
╰────────────────────────────────────────────────────────────────────╯