╭──────────────────────────────────────────────────────────────────────────────────────────────╮
│GIT · PROJECT ROOT                                                                            │
│──────────────────────────────────────────────────────────────────────────────────────────────│
││ Branch  main                                                 Actions                        │
││ Ahead   2                                                    ───────────────────────────────│
││ Behind  1                                                     r refresh                     │
││                                                               p pull base                   │
││ Working tree changes                                          P push base                   │
││   modified 1 · added 0 · deleted 0 · untracked 1 · staged     Esc/q close                   │
││                                                                                             │
││                                                                                             │
││                                                                                             │
││                                                                                             │
││                                                                                             │
││                                                                                             │
││                                                                                             │
││                                                                                             │
││                                                                                             │
││                                                                                             │
││                                                                                             │
││                                                                                             │
││                                                                                             │
││                                                                                             │
││                                                                                             │
││                                                                                             │
││                                                                                             │
╰──────────────────────────────────────────────────────────────────────────────────────────────╯