╭──────────────────────────────────────────────────────────────────────────────────────────────╮
│CLOSE BLOCKED                                                                                 │
│──────────────────────────────────────────────────────────────────────────────────────────────│
││                                                              Actions                        │
││ Issue: gav                                                   ───────────────────────────────│
││                                                              > r Retry close                │
││ The issue was not closed.                                      Run the close again after …  │
││                                                                w Create ancestor & retry    │
││                                                                Create the missing parent …  │
││ Problem                                                        esc Cancel                   │
││ refusing to merge child issue gav directly into base: no       Leave the issue in its pre…  │
││ active ancestor worktree branch was found; run `az                                          │
││ worktree create gat`, then close the child into that                                        │
││ target                                                                                      │
││                                                                                             │
││                                                                                             │
││ Next steps                                                                                  │
││ - Fix the blocker described above, then retry.                                              │
││ - Create ancestor & retry preserves child-to-parent integ…                                  │
││                                                                                             │
││                                                                                             │
││                                                                                             │
││                                                                                             │
││                                                                                             │
││                                                                                             │
││                                                                                             │
╰──────────────────────────────────────────────────────────────────────────────────────────────╯