╭──────────────────────────────────────────────────────────────────────────────────────────────╮
│Board View                                                                                    │
│──────────────────────────────────────────────────────────────────────────────────────────────│
││ ▸ * Current current  6 cols  built-in                        Columns                        │
││     Activity activity  8 cols  built-in                      ───────────────────────────────│
││                                                              current                        │
││                                                                                             │
││                                                              Columns are query predicates   │
││                                                              over issue facts.              │
││                                                              hide empty columns: false      │
││                                                                                             │
││                                                              Backlog: lifecycle=backlog     │
││                                                              Open: lifecycle=open           │
││                                                              In Progress: phase=active      │
││                                                              In Review: review_ready        │
││                                                              Done: outcome=completed        │
││                                                              Cancelled: outcome=cancelled   │
││                                                                                             │
││                                                                                             │
││                                                                                             │
││                                                                                             │
││                                                                                             │
││                                                                                             │
││                                                                                             │
││                                                                                             │
││                                                                                             │
╰──────────────────────────────────────────────────────────────────────────────────────────────╯