╭──────────────────────────────────────────────────────────────────────╮
│DEV SERVERS                                                           │
│──────────────────────────────────────────────────────────────────────│
│● api :8080  1h32m                                                    │
│○ web :5173  —                                                        │
│✗ queue :8081  —                                                      │
│                                                                      │
│                                                                      │
│                                                                      │
│                                                                      │
│Actions                                                               │
│──────────────────────────────────────────────────────────────────────│
│ Enter toggle                                                         │
│ v view output                                                        │
│ r restart                                                            │
│ Esc close                                                            │
│                                                                      │
│                                                                      │
╰──────────────────────────────────────────────────────────────────────╯