╭──────────────────────────────────────────────────────────────────────────────────────────────╮
│CLOSE BLOCKED                                                                                 │
│──────────────────────────────────────────────────────────────────────────────────────────────│
││                                                              Actions                        │
││ Issue: dhb                                                   ───────────────────────────────│
││                                                              > r Retry close                │
││ The issue was not closed.                                      Run the close again after …  │
││                                                                y Accept findings & retry    │
││                                                                Record your acceptance, th…  │
││ Problem                                                        esc Cancel                   │
││ cannot close issue dhb: human-facing investigation lacks       Leave the issue in its pre…  │
││ explicit issue-specific findings acceptance. Next: fix the                                  │
││ listed blockers, refresh, then retry                                                        │
││                                                                                             │
││                                                                                             │
││ Next steps                                                                                  │
││ - Fix the blocker described above, then retry.                                              │
││ - Accept findings records explicit issue-specific human a…                                  │
││                                                                                             │
││                                                                                             │
││                                                                                             │
││                                                                                             │
││                                                                                             │
││                                                                                             │
││                                                                                             │
││                                                                                             │
╰──────────────────────────────────────────────────────────────────────────────────────────────╯