╭──────────────────────────────────────────────────────────────────────────────────────────────╮
│Settings                                                                                      │
│──────────────────────────────────────────────────────────────────────────────────────────────│
││ General                                                      Actions                        │
││ ▶   Auto-refresh issues...............yes [refresh]          ───────────────────────────────│
││     Compact card view.................no [compact]            j/k move                      │
││     Theme.............................macchiato [theme]       h/l cycle                     │
││                                                               t target                      │
││ Actions                                                       Enter/Space toggle/activate   │
││ ───────────────────                                           e edit config                 │
││     Open config in $EDITOR............open [editor]           Esc close                     │
││     Manage projects...................open [projects]                                       │
││                                                                                             │
││                                                                                             │
││                                                                                             │
││                                                                                             │
││                                                                                             │
││                                                                                             │
││                                                                                             │
││                                                                                             │
││                                                                                             │
││                                                                                             │
││                                                                                             │
││                                                                                             │
││                                                                                             │
││                                                                                             │
╰──────────────────────────────────────────────────────────────────────────────────────────────╯