╭────────────────────────────────────────────────────────────────────╮
│Confirm Delete                                                      │
│────────────────────────────────────────────────────────────────────│
│⚠ Confirm Delete                                                    │
│Delete image: mobile-panel.png?                                     │
│                                                                    │
│                                                                    │
│Size: 97.53 KB                                                      │
│                                                                    │
│                                                                    │
│                                                                    │
│Actions                                                             │
│────────────────────────────────────────────────────────────────────│
│[Y] Yes, delete                                                     │
│[N] No, cancel                                                      │
│Esc Cancel                                                          │
│                                                                    │
│                                                                    │
│                                                                    │
╰────────────────────────────────────────────────────────────────────╯