╭────────────────────────────────────────────────────────────────────╮
│Tmux Sessions                                                       │
│────────────────────────────────────────────────────────────────────│
││  Azedarach tmux sessions: 1                 Keys                  │
││                                             ──────────────────────│
││  ▶ az-123  in_progress    ● busy             j/k navigate         │
││    Implement feature X with caref...         Enter drill          │
││    ⏱ not started  📁                         a switch             │
││ /Users/riordan/prog/azedarach                Space details        │
││    tmux yes  worktree yes  git dirty (+8/    x kill               │
││ 2; ↑2)                                       r refresh            │
││    💬 renderDialogTwoPane ok                 Esc close            │
││                                                                   │
││                                                                   │
││                                                                   │
││                                                                   │
││                                                                   │
││                                                                   │
││                                                                   │
╰────────────────────────────────────────────────────────────────────╯