╭──────────────────────────────────────────────────────────────────────────────────────────────────╮
│Tmux Sessions                                                                                     │
│──────────────────────────────────────────────────────────────────────────────────────────────────│
││                                                                 Keys                            │
││                                                                 ────────────────────────────────│
││                                                                  j/k navigate                   │
││                                                                  Enter drill                    │
││                      No tmux sessions                            a switch                       │
││                                                                  Space details                  │
││            Start a session from a task workspace                 x kill                         │
││                                                                  r refresh                      │
││                                                                  Esc close                      │
││                                                                                                 │
││                                                                                                 │
││                                                                                                 │
╰──────────────────────────────────────────────────────────────────────────────────────────────────╯