╭──────────────────────────────────────────────────────────────────────────────────────────────╮
│Event Log                                                                                     │
│──────────────────────────────────────────────────────────────────────────────────────────────│
││ TUI log: /tmp/az.log                                         Actions                        │
││ 2026-03-30 08:21:00  #42  daemon.event.new  [event]          ───────────────────────────────│
││   project=azedarach  session=sess-1  correlation=corr-new     s stream (Ctrl+C to stop)     │
││   new payload line                                            t open TUI log                │
││ 2026-03-30 08:20:00  #41  daemon.event.old  [event]           Esc/q/backspace close         │
││   project=azedarach  session=sess-1  correlation=corr-old                                   │
││   old payload line                                                                          │
││                                                                                             │
││                                                                                             │
││                                                                                             │
││                                                                                             │
││                                                                                             │
││                                                                                             │
││                                                                                             │
││                                                                                             │
││                                                                                             │
││                                                                                             │
││                                                                                             │
││                                                                                             │
││                                                                                             │
││                                                                                             │
││                                                                                             │
││                                                                                             │
╰──────────────────────────────────────────────────────────────────────────────────────────────╯