╭──────────────────────────────────────────────────────────────────────────────────────────────────╮
│Tmux Sessions                                                                                     │
│──────────────────────────────────────────────────────────────────────────────────────────────────│
││                                                                 Keys                            │
││                                                                 ────────────────────────────────│
││                                                                  j/k navigate                   │
││                                                                  Enter/a switch                 │
││                      No tmux sessions                            x kill                         │
││                                                                  r refresh                      │
││            Start a session from a task workspace                 Esc close                      │
││                                                                                                 │
││                                                                                                 │
││                                                                                                 │
││                                                                                                 │
││                                                                                                 │
╰──────────────────────────────────────────────────────────────────────────────────────────────────╯