╭────────────────────────────────────────────────────────────────────╮
│MERGE CONFLICTS                                                     │
│────────────────────────────────────────────────────────────────────│
│⚠ Merge conflicts detected!                                         │
│                                                                    │
│Agent resolve now? Press c.                                         │
│▸ internal/ui/app.go                                                │
│  internal/domain/task.go                                           │
│                                                                    │
│                                                                    │
│                                                                    │
│Actions                                                             │
│────────────────────────────────────────────────────────────────────│
│ j/k navigate                                                       │
│ c agent resolve                                                    │
│ o open                                                             │
│ a abort                                                            │
│ Esc close                                                          │
│                                                                    │
╰────────────────────────────────────────────────────────────────────╯