╭──────────────────────────────────────────────────╮
│View Configurator                                 │
│──────────────────────────────────────────────────│
│Configure the View with guided fields; no JSON r… │
│                                                  │
│▸ Title            > Custom                       │
│  Layout           Board                          │
│  Filters          All issues                     │
│  Grouping         Workflow columns               │
│  Ordered sorting  Attention ↓, priority ↑, upda… │
│  Hide empty       false                          │
│ Tab field                                        │
│ ←/→ choice                                       │
│ Ctrl+S save                                      │
│ Ctrl+J advanced JSON                             │
╰──────────────────────────────────────────────────╯