╭──────────────────────────────────────────────────────────────╮
│MERGE CHOICE                                                  │
│──────────────────────────────────────────────────────────────│
│3 commits behind base branch (main). Merge latest?            │
│                                                              │
│[M] Merge & Attach                                            │
│[S] Skip & Attach                                             │
│                                                              │
│                                                              │
│                                                              │
│Actions                                                       │
│──────────────────────────────────────────────────────────────│
│ M merge & attach                                             │
│ S skip & attach                                              │
│ Esc cancel                                                   │
│                                                              │
│                                                              │
│                                                              │
╰──────────────────────────────────────────────────────────────╯