╭────────────────────────────────────────────────────────────────────╮
│SCOPE SELECTOR                                                      │
│────────────────────────────────────────────────────────────────────│
│  ↑ 2 more                                                          │
│2. azedarach (current)                                              │
│   /Users/riordan/prog/azedarach                                    │
│                                                                    │
│                                                                    │
│                                                                    │
│                                                                    │
│                                                                    │
│Actions                                                             │
│────────────────────────────────────────────────────────────────────│
│  0-9       switch scope                                            │
│  Enter     switch                                                  │
│  /         search                                                  │
│  d         default                                                 │
│  x         remove                                                  │
│  a         add                                                     │
╰────────────────────────────────────────────────────────────────────╯