╭──────────────────────────────────────────────────╮
│GIT · PROJECT ROOT                                │
│──────────────────────────────────────────────────│
│Branch  main                                      │
│Ahead   0                                         │
│Behind  1                                         │
│                                                  │
│                                                  │
│                                                  │
│                                                  │
│Actions                                           │
│──────────────────────────────────────────────────│
│ r refresh                                        │
│ p pull base                                      │
│ P push base                                      │
│ Esc/q close                                      │
│                                                  │
│                                                  │
╰──────────────────────────────────────────────────╯