╭────────────────────────────────────────────────────────────────────╮
│Event Log                                                           │
│────────────────────────────────────────────────────────────────────│
│2026-03-30 08:21:00  #42  daemon.event.new  [event]                 │
│  project=azedarach                                                 │
│  new payload line                                                  │
│                                                                    │
│                                                                    │
│                                                                    │
│                                                                    │
│                                                                    │
│Actions                                                             │
│────────────────────────────────────────────────────────────────────│
│ s stream (Ctrl+C to stop)                                          │
│ Esc/q/backspace close                                              │
│                                                                    │
│                                                                    │
│                                                                    │
│                                                                    │
╰────────────────────────────────────────────────────────────────────╯