╭──────────────────────────────────────────────────╮
│Views                                             │
│──────────────────────────────────────────────────│
│▸ * Default default  Board  built-in              │
│    Planning planning  Board  built-in            │
│    Orchestration orchestration  Board  built-in  │
│    Closeout closeout  Board  built-in            │
│                                                  │
│                                                  │
│                                                  │
│Columns                                           │
│──────────────────────────────────────────────────│
│default                                           │
│                                                  │
│Board places issues into configured columns.      │
│hide empty columns: false                         │
│                                                  │
│Built-in · immutable                              │
╰──────────────────────────────────────────────────╯