╭────────────────────────────────────────────────────────────────────╮
│PROJECT SELECTOR                                                    │
│────────────────────────────────────────────────────────────────────│
│1. chefy [default]                                                  │
│   /Users/riordan/prog/Chefy                                        │
│2. azedarach (current)                                              │
│   /Users/riordan/prog/azedarach                                    │
│                                                                    │
│                                                                    │
│                                                                    │
│                                                                    │
│Actions                                                             │
│────────────────────────────────────────────────────────────────────│
│  1-9       switch                                                  │
│  Enter     switch                                                  │
│  d         default                                                 │
│  x         remove                                                  │
│  a         add                                                     │
│  D         detect                                                  │
╰────────────────────────────────────────────────────────────────────╯