╭────────────────────────────────────────────────────────────────────╮
│Event Log                                                           │
│────────────────────────────────────────────────────────────────────│
│Filter: [All]  |  Ops  |  Tasks  |  Git  |  Hooks                   │
│   TIME     SUBJECT          KIND          SUMMARY                  │
│>+ 08:21:00 azedarach        event         Daemon event new: n...   │
│                                                                    │
│                                                                    │
│                                                                    │
│                                                                    │
│                                                                    │
│Actions                                                             │
│────────────────────────────────────────────────────────────────────│
│ Tab/Shift+Tab/f cycle filter                                       │
│ Enter/Space expand                                                 │
│ s stream (Ctrl+C to stop)                                          │
│ Esc/q/backspace close                                              │
│                                                                    │
│                                                                    │
╰────────────────────────────────────────────────────────────────────╯