╭──────────────────────────────────────────────────────────────────────────────────────────────╮
│Board View                                                                                    │
│──────────────────────────────────────────────────────────────────────────────────────────────│
││ ▸ * Default default  4 cols  built-in                        Columns                        │
││     Planning planning  4 cols  built-in                      ───────────────────────────────│
││     Orchestration orchestration  4 cols  built-in            default                        │
││     Closeout closeout  3 cols  built-in                                                     │
││                                                              Columns are query predicates   │
││                                                              over issue facts.              │
││                                                              hide empty columns: false      │
││                                                                                             │
││                                                              Open: lifecycle=open           │
││                                                              In Progress: phase=active      │
││                                                              In Review: review_ready        │
││                                                              Done: outcome=completed        │
││                                                                                             │
││                                                                                             │
││                                                                                             │
││                                                                                             │
││                                                                                             │
││                                                                                             │
││                                                                                             │
││                                                                                             │
││                                                                                             │
││                                                                                             │
││                                                                                             │
╰──────────────────────────────────────────────────────────────────────────────────────────────╯