╭────────────────────────────────────────────────────────────────────╮
│SCOPE SELECTOR                                                      │
│────────────────────────────────────────────────────────────────────│
│  ↑ 2 more                                                          │
│2. azedarach (current)                                              │
│   /Users/riordan/prog/azedarach                                    │
│                                                                    │
│                                                                    │
│                                                                    │
│                                                                    │
│                                                                    │
│Actions                                                             │
│────────────────────────────────────────────────────────────────────│
│  0-9/Enter  switch                                                 │
│  /          search                                                 │
│  d/x        default/remove                                         │
│  a/D        add/detect                                             │
│  Esc        close                                                  │
│                                                                    │
╰────────────────────────────────────────────────────────────────────╯