╭────────────────────────────────────────────────────────────────────╮
│Help                                                                │
│────────────────────────────────────────────────────────────────────│
││ Panes:                                                            │
││ ────────────────────────────────────────────────                  │
││   ?                     Open this help reference                  │
││   B                     Open board view selector                  │
││   Space                 Open task workspace                       │
││   Q                     Open operation queue                      │
││   L                     Open event log                            │
││   N                     Open notification action center           │
││   O                     Open tmux sessions                        │
││   D                     Open system diagnostics                   │
││   n                     Open async failure recovery               │
││   s                     Open settings                             │
││   c                     Open create task form                     │
││   X                     Open bulk cleanup                         │
││                                                                   │
││ [j/k/ctrl+u/d to scroll, g/G to jump]                             │
╰────────────────────────────────────────────────────────────────────╯