╭────────────────────────────────────────────────────────────────────────────────────────────────────────────────────╮
│MERGE CONFLICTS                                                                                                     │
│────────────────────────────────────────────────────────────────────────────────────────────────────────────────────│
││ ⚠ Merge conflicts detected!                                                 Actions                               │
││                                                                             ──────────────────────────────────────│
││ AI resolve now? Press c.                                                     j/k navigate                         │
││ ▸ internal/ui/app.go                                                         c ai resolve                         │
││   internal/domain/task.go                                                    o open                               │
││   internal/services/git.go                                                   a abort                              │
││                                                                              Esc close                            │
││                                                                                                                   │
││                                                                                                                   │
││                                                                                                                   │
││                                                                                                                   │
││                                                                                                                   │
││                                                                                                                   │
││                                                                                                                   │
││                                                                                                                   │
││                                                                                                                   │
││                                                                                                                   │
││                                                                                                                   │
││                                                                                                                   │
││                                                                                                                   │
││                                                                                                                   │
││                                                                                                                   │
││                                                                                                                   │
││                                                                                                                   │
││                                                                                                                   │
││                                                                                                                   │
││                                                                                                                   │
││                                                                                                                   │
╰────────────────────────────────────────────────────────────────────────────────────────────────────────────────────╯