╭────────────────────────────────────────────────────────────────────╮
│ATTACHMENT DETAILS                                                  │
│────────────────────────────────────────────────────────────────────│
│Attachment Details                                                  │
│                                                                    │
│         ID:  a2                                                    │
│   Filename:  mobile-panel.png                                      │
│  MIME Type:  image/png                                             │
│                                                                    │
│                                                                    │
│                                                                    │
│Actions                                                             │
│────────────────────────────────────────────────────────────────────│
│ o open in viewer                                                   │
│ Esc back to list                                                   │
│                                                                    │
│                                                                    │
│                                                                    │
│                                                                    │
╰────────────────────────────────────────────────────────────────────╯