╭──────────────────────────────────────────────────────────────────────────────────────────────╮
│Views                                                                                         │
│──────────────────────────────────────────────────────────────────────────────────────────────│
││ ▸ * Default default  Board  built-in                         Columns                        │
││     Planning planning  Board  built-in                       ───────────────────────────────│
││     Orchestration orchestration  Board  built-in             default                        │
││     Closeout closeout  Board  built-in                                                      │
││                                                              Board places issues into       │
││                                                              configured columns.            │
││                                                              hide empty columns: false      │
││                                                                                             │
││                                                              Built-in · immutable           │
││                                                              Press d to duplicate before    │
││                                                              editing.                       │
││                                                                                             │
││                                                              Open: lifecycle=open           │
││                                                              In Progress: phase=active      │
││                                                              In Review: review_ready        │
││                                                              Done: outcome=completed        │
││                                                                                             │
││                                                                                             │
││                                                                                             │
││                                                                                             │
││                                                                                             │
││                                                                                             │
││                                                                                             │
╰──────────────────────────────────────────────────────────────────────────────────────────────╯