╭────────────────────────────────────────────────────────────────────╮
│Settings                                                            │
│────────────────────────────────────────────────────────────────────│
││ General                                           Actions         │
││ ▶   Auto-refresh issues...............yes [...    ────────────────│
││     Compact card view.................no [c...     j/k move       │
││     Theme.............................macch...     h/l cycle      │
││                                                    t target       │
││ Actions                                            Enter/Space    │
││ ───────────────────                               toggle/activate │
││     Open config in $EDITOR............open ...     e edit config  │
││     Manage projects...................open ...     Esc close      │
││                                                                   │
││                                                                   │
││                                                                   │
││                                                                   │
││                                                                   │
││                                                                   │
││                                                                   │
╰────────────────────────────────────────────────────────────────────╯