╭────────────────────────────────────────────────────────────────────╮
│Spec Workspace                                                      │
│────────────────────────────────────────────────────────────────────│
│                                                                    │
│Project: azedarach                                                  │
│                                                                    │
│Requirements  Coverage  Publish                                     │
│                                                                    │
│                                                                    │
│                                                                    │
│                                                                    │
│Actions                                                             │
│────────────────────────────────────────────────────────────────────│
│ Tab next section                                                   │
│ Shift+Tab previous                                                 │
│ h/l section left/right                                             │
│ Esc close                                                          │
│                                                                    │
│                                                                    │
╰────────────────────────────────────────────────────────────────────╯