╭──────────────────────────────────────────────────────────────────────────────────────────────╮
│ATTACHMENTS FOR az-321                                                                        │
│──────────────────────────────────────────────────────────────────────────────────────────────│
││   board-screen.png                         332.25 KB  png   Actions                         │
││ ▶ mobile-panel.png                         97.53 KB  png    ────────────────────────────────│
││                                                              p paste clipboard              │
││                                                              f attach file                  │
││                                                              o open viewer                  │
││                                                              d/x delete                     │
││                                                              Enter/v preview                │
││                                                              Esc close                      │
││                                                                                             │
││                                                                                             │
││                                                                                             │
││                                                                                             │
││                                                                                             │
││                                                                                             │
││                                                                                             │
││                                                                                             │
││                                                                                             │
││                                                                                             │
││                                                                                             │
││                                                                                             │
││                                                                                             │
││                                                                                             │
││                                                                                             │
╰──────────────────────────────────────────────────────────────────────────────────────────────╯