╭──────────────────────────────────────────────────────────╮
│Select Upstream Source                                    │
│──────────────────────────────────────────────────────────│
││ Merge into az-123 from:              Actions            │
││                                      ───────────────────│
││                                       j/k navigate      │
││ ▸  az-456 [in_progress] Related       Enter select      │
││ task 1                                Esc cancel        │
││                                                         │
╰──────────────────────────────────────────────────────────╯