╭──────────────────────────────────────────────────────────────────────────────────────────────╮
│Spec Workspace                                                                                │
│──────────────────────────────────────────────────────────────────────────────────────────────│
││                                                              Actions                        │
││ Project: azedarach                                           ───────────────────────────────│
││                                                               Tab next section              │
││ Requirements  Coverage  Publish                               Shift+Tab previous            │
││                                                               h/l section left/right        │
││ Requirements                                                  Esc close                     │
││                                                                                             │
││ - Inspect active requirements from the board context.                                       │
││ - Keep issue and requirement state aligned.                                                 │
││                                                                                             │
││                                                                                             │
││                                                                                             │
││                                                                                             │
││                                                                                             │
││                                                                                             │
││                                                                                             │
││                                                                                             │
││                                                                                             │
││                                                                                             │
││                                                                                             │
││                                                                                             │
││                                                                                             │
││                                                                                             │
╰──────────────────────────────────────────────────────────────────────────────────────────────╯