╭──────────────────────────────────────────────────────────────────────────────────────────────────╮
│Create New Task                                                                                   │
│──────────────────────────────────────────────────────────────────────────────────────────────────│
││ Title: > Replace top level functions                            Actions                         │
││ Description:                                                    ────────────────────────────────│
││ ┃   1 Review docs/src code of emdash.sh for improvements         Tab / Shift+Tab Switch fields  │
││ ┃                                                                Ctrl+C Clear focused field     │
││ ┃                                                                T/B/F/E/C Set type             │
││ ┃                                                                0/1/2/3/4 Set priority         │
││ ┃                                                                h/l or ←/→ Cycle impl          │
││ ┃                                                               combinations                    │
││ ┃                                                                Ctrl+P Paste image (edit task) │
││ ┃                                                                Ctrl+O Paste image (alias)     │
││ ┃                                                                j/k + d Manage attachments     │
││ ┃                                                                Enter Create task              │
││ Type: [●T] [ B] [ F] [ E] [ C]                                   Ctrl+E Edit in $EDITOR         │
││ Priority: [ 0] [ 1] [●2] [ 3] [ 4]                               Ctrl+K Clear form              │
││ Impls: [<] go-bubbletea [>]                                      Esc Cancel                     │
││ Acceptance Criteria:                                                                            │
││ ┃   1                                                                                           │
││ ┃                                                                                               │
││ ┃                                                                                               │
││ ┃                                                                                               │
││ ┃                                                                                               │
││ ┃                                                                                               │
││ Image Attachments:                                                                              │
││                                                                                                 │
││ Attachment service unavailable.                                                                 │
││                                                                                                 │
╰──────────────────────────────────────────────────────────────────────────────────────────────────╯