╭────────────────────────────────────────────────────────────────────────────────────────────────────────────────────╮
│Create New Task                                                                                                     │
│────────────────────────────────────────────────────────────────────────────────────────────────────────────────────│
││ Title: > Replace top level functions                                        Actions                               │
││ Description:                                                                ──────────────────────────────────────│
││ ┃   1 Review docs/src code of emdash.sh for improvements                     Tab / Shift+Tab Switch fields        │
││ ┃                                                                            Ctrl+C Clear focused field           │
││ ┃                                                                            T/B/F/E/C Set type                   │
││ ┃                                                                            0/1/2/3/4 Set priority               │
││ ┃                                                                            h/l or ←/→ Cycle impl combinations   │
││ ┃                                                                            Ctrl+P Paste image (edit task)       │
││ ┃                                                                            j/k + d Manage attachments           │
││ ┃                                                                            Enter Create task                    │
││ ┃                                                                            Ctrl+E Edit in $EDITOR               │
││ ┃                                                                            Ctrl+K Clear form                    │
││ ┃                                                                            Esc Cancel                           │
││ ┃                                                                                                                 │
││ Type: [●T] [ B] [ F] [ E] [ C]                                                                                    │
││ Priority: [ 0] [ 1] [●2] [ 3] [ 4]                                                                                │
││ Impls: [<] go-bubbletea [>]                                                                                       │
││ Acceptance Criteria:                                                                                              │
││ ┃   1                                                                                                             │
││ ┃                                                                                                                 │
││ ┃                                                                                                                 │
││ ┃                                                                                                                 │
││ ┃                                                                                                                 │
││ ┃                                                                                                                 │
││ ┃                                                                                                                 │
││ ┃                                                                                                                 │
││ Image Attachments:                                                                                                │
││                                                                                                                   │
╰────────────────────────────────────────────────────────────────────────────────────────────────────────────────────╯