azedarach                                                                                   
orchestrator working live=true                                                              
ready 3  review 2                                                                           
waiting-human 1  owned-elsewhere 4                                                          
                                                                                            
s start   a/Enter attach   x stop   Esc close                                               
                                                                                            
                                                                                            
                                                                                            
                                                                                            
                                                                                            
                                                                                            
                                                                                            
                                                                                            
                                                                                            
                                                                                            
                                                                                            
                                                                                            
                                                                                            
                                                                                            
                                                                                            
                                                                                            
                                                                                            
                                                                                            
                                                                                            
                                                                                            