╭──────────────────────────────────────────────────────────────────────────────────────────────────────────────────────╮
│Task Workspace                                                                                                        │
│──────────────────────────────────────────────────────────────────────────────────────────────────────────────────────│
││ [bal] add grom renderer for detail view maybe?                               Actions                                │
││                                                                              ───────────────────────────────────────│
││       Issue:   P2   T  Open                                                  [s] Start session                      │
││     Created:  0001-01-01 00:00:00                                            [S] Start session + work               │
││     Updated:  0001-01-01 00:00:00                                            [!] Start session (yolo)               │
││                                                                              ───────────────────                    │
││ Description                                                                  [u] Update from base branch            │
││ review panel structure and preserve layout                                   [m] Follow-on merge                    │
││                                                                              [b] Merge into...                      │
││                                                                              [P] Create PR                          │
││                                                                              [O] Open PR                            │
││                                                                              [M] Abort merge                        │
││                                                                              [H] Open Helix                         │
││                                                                              [i] Attachments                        │
││                                                                              [r] Dev servers                        │
││                                                                              [f] Show diff                          │
││                                                                              [w] Cleanup worktree                   │
││                                                                              [W] Delete task + cleanup worktree     │
││                                                                              [i] Image attachments                  │
││                                                                              ───────────────────                    │
││                                                                              [1] Set status: Open                   │
││                                                                              [2] Set status: In Progress            │
││                                                                              [3] Set status: Blocked                │
││                                                                              [4] Set status: Done                   │
││                                                                              [h] Move left                          │
╰──────────────────────────────────────────────────────────────────────────────────────────────────────────────────────╯