╭──────────────────────────────────────────────────────────────────────────────────────────────────────────────────────╮
│Task Workspace                                                                                                        │
│──────────────────────────────────────────────────────────────────────────────────────────────────────────────────────│
││ [bal]                                                                        Actions                                │
││       Title:  add grom renderer for detail view maybe?                       ───────────────────────────────────────│
││                                                                              [s] Start AI session                   │
││       Issue:   P2   T  Open                                                  [t] Start tmux shell only              │
││                                                                              [!] Start AI session (yolo)            │
││     Created:  0001-01-01 00:00:00                                            ───────────────────                    │
││     Updated:  0001-01-01 00:00:00                                            [u] Update from base branch            │
││                                                                              [m] Follow-on merge                    │
││ Description                                                                  [b] Merge into...                      │
││ [38;2;208;210;218mreview panel structure and preserve layout[0m[0m                                   [P] Create PR                          │
││                                                                              [O] Open PR                            │
││                                                                              [M] Abort merge                        │
││                                                                              [H] Open Helix                         │
││                                                                              [i] Attachments                        │
││                                                                              [r] Refresh issue                      │
││                                                                              [V] Dev servers                        │
││                                                                              [f] Show diff                          │
││                                                                              [w] Cleanup worktree                   │
││                                                                              [W] Delete task + cleanup worktree     │
││                                                                              [i] Attachments                        │
││                                                                              ───────────────────                    │
││                                                                              [0] Move to backlog                    │
││                                                                              [1] Move to open                       │
││                                                                              [2] Start active work                  │
││                                                                              [3] Request review                     │
╰──────────────────────────────────────────────────────────────────────────────────────────────────────────────────────╯