╭──────────────────────────────────────────────────────────────────────╮
│Task Workspace                                                        │
│──────────────────────────────────────────────────────────────────────│
│[bal] add grom renderer for detail view maybe?                        │
│                                                                      │
│      Issue:   P2   T  Open                                           │
│                                                                      │
│    Created:  0001-01-01 00:00:00                                     │
│    Updated:  0001-01-01 00:00:00                                     │
│                                                                      │
│Description                                                           │
│                                                                      │
│Actions                                                               │
│──────────────────────────────────────────────────────────────────────│
│[s] Start session                                                     │
│[S] Start session + work                                              │
│[!] Start session (yolo)                                              │
│───────────────────                                                   │
│[u] Update from base branch                                           │
│[m] Follow-on merge                                                   │
╰──────────────────────────────────────────────────────────────────────╯