 Open (3)            In Progress (2)     Blocked (1)         Done (2)           
╭──────────────────╮╭──────────────────╮╭──────────────────╮╭──────────────────╮
│  P2  ▶az-1 [t…   ││  P1  az-3 [bu…   ││  P0  az-6 [ta…   ││  P3  az-7 [ta…   │
│ Implement user   ││ API endpoint r   ││ Deploy to prod   ││ Setup CI/CD pi   │
│  authenticatio   ││ efactor          ││ uction           ││ peline           │
│ n                ││                  ││                  ││                  │
╰──────────────────╯╰──────────────────╯╰──────────────────╯╰──────────────────╯
╭──────────────────╮╭──────────────────╮                    ╭──────────────────╮
│  P1  az-2 [fe…   ││  P2  az-4 [ep…   │                    │  P4  az-8 [ta…   │
│ Fix login redi   ││ Database migra   │                    │ Configure moni   │
│ rect bug         ││ tion epic        │                    │ toring           │
│                  ││                  │                    │                  │
╰──────────────────╯╰──────────────────╯                    ╰──────────────────╯
╭──────────────────╮                                                            
│  P3  az-5 [ta…   │                                                            
│ Add password r   │                                                            
│ eset flow        │                                                            
│                  │                                                            
╰──────────────────╯                                                            
                                                                                
                                                                                
                                                                                
                                                                                
                                                                                