 Open (1)                                In Progress (1)                         In Review (2)                           Done (1)
╭──────────────────────────────────────╮╭──────────────────────────────────────╮╭──────────────────────────────────────╮╭──────────────────────────────────────╮
│  P2  gcy  I                          ││  P0  gbz  E                          ││  P2  ▶gdd PR…  B  ✓G*↑1/↓22          ││  P0  afn  T                          │
│ Identify unexpected watch session    ││ Make shared green locally and in C   ││ Make 60-day hourly recipe projecti   ││ Chefy make redo                      │
│ owner                                ││ I                                    ││ ons complete reliably                ││                                      │
│                                      ││                                      ││                                      ││                                      │
│                                loc   ││                                loc   ││                                gh    ││                                lin   │
╰──────────────────────────────────────╯╰──────────────────────────────────────╯╰──────────────────────────────────────╯╰──────────────────────────────────────╯
                                                                                ╭──────────────────────────────────────╮
                                                                                │  P2  gdc-long-ticket PRD  B          │
                                                                                │ Restore current $/Unit value in re   │
                                                                                │ cipe spark cards                     │
                                                                                │                                      │
                                                                                │                                lin   │
                                                                                ╰──────────────────────────────────────╯
