 Open (3)                      In Progress (2)               Blocked (1)                   Done (2)                     
╭────────────────────────────╮╭────────────────────────────╮╭────────────────────────────╮╭────────────────────────────╮
│ az-1 Implement user aut…   ││ az-3 API endpoint refac…   ││ az-6 Deploy to producti…   ││ az-7 Setup CI/CD pipeli…   │
│  P2  •  T                  ││  P1  •  B                  ││  P0  •  T                  ││  P3  •  T                  │
│                            ││                            ││                            ││                            │
╰────────────────────────────╯╰────────────────────────────╯╰────────────────────────────╯╰────────────────────────────╯
╭────────────────────────────╮╭────────────────────────────╮                              ╭────────────────────────────╮
│ ▶az-2 Fix login redirec…   ││ az-4 Database migration…   │                              │ az-8 Configure monitori…   │
│  P1  •  F                  ││  P2  •  E                  │                              │  P4  •  T                  │
│                            ││                            │                              │                            │
╰────────────────────────────╯╰────────────────────────────╯                              ╰────────────────────────────╯
╭────────────────────────────╮                                                                                          
│ az-5 Add password reset…   │                                                                                          
│  P3  •  T                  │                                                                                          
│                            │                                                                                          
╰────────────────────────────╯                                                                                          
                                                                                                                        
                                                                                                                        
                                                                                                                        
                                                                                                                        
                                                                                                                        
                                                                                                                        
                                                                                                                        
                                                                                                                        
                                                                                                                        
                                                                                                                        
                                                                                                                        
                                                                                                                        
                                                                                                                        
                                                                                                                        