 Open (3)                      In Progress (2)               Blocked (1)                   Done (2)                     
╭────────────────────────────╮╭────────────────────────────╮╭────────────────────────────╮╭────────────────────────────╮
│  P2  az-1 [task]           ││  P1  az-3 [bug]            ││  P0  az-6 [task]           ││  P3  az-7 [task]           │
│ Implement user authentic   ││ API endpoint refactor      ││ Deploy to production       ││ Setup CI/CD pipeline       │
│ ation                      ││                            ││                            ││                            │
│                            ││                            ││                            ││                            │
╰────────────────────────────╯╰────────────────────────────╯╰────────────────────────────╯╰────────────────────────────╯
╭────────────────────────────╮╭────────────────────────────╮                              ╭────────────────────────────╮
│  P1  ▶az-2 [feature]       ││  P2  az-4 [epic]           │                              │  P4  az-8 [task]           │
│ Fix login redirect bug     ││ Database migration epic    │                              │ Configure monitoring       │
│                            ││                            │                              │                            │
│                            ││                            │                              │                            │
╰────────────────────────────╯╰────────────────────────────╯                              ╰────────────────────────────╯
╭────────────────────────────╮                                                                                          
│  P3  az-5 [task]           │                                                                                          
│ Add password reset flow    │                                                                                          
│                            │                                                                                          
│                            │                                                                                          
╰────────────────────────────╯                                                                                          
                                                                                                                        
                                                                                                                        
                                                                                                                        
                                                                                                                        
                                                                                                                        
                                                                                                                        
                                                                                                                        
                                                                                                                        
                                                                                                                        
                                                                                                                        
                                                                                                                        