 ─ Open ────────      ─ In Progress ─      ─ Blocked ─────      ─ Done ────────     
                                                                                    
╭───────────────────╮╭───────────────────╮╭───────────────────╮╭───────────────────╮
│ ╭───────────────╮ ││ ╭───────────────╮ ││ ╭───────────────╮ ││ ╭───────────────╮ │
│ │ ▶Implement …  │ ││ │ API endpoi…   │ ││ │ Deploy to …   │ ││ │ Setup CI/C…   │ │
│ │  P2  •  T     │ ││ │  P1  •  B     │ ││ │  P0  •  T     │ ││ │  P3  •  T     │ │
│ ╰───────────────╯ ││ ╰───────────────╯ ││ ╰───────────────╯ ││ ╰───────────────╯ │
│                   ││                   ││                   ││                   │
│ ╭───────────────╮ ││ ╭───────────────╮ ││                   ││ ╭───────────────╮ │
│ │ Fix login …   │ ││ │ Database m…   │ ││                   ││ │ Configure …   │ │
│ │  P1  •  F     │ ││ │  P2  •  E     │ ││                   ││ │  P4  •  T     │ │
│ ╰───────────────╯ ││ │ [3/5] ███░░░  │ ││                   ││ ╰───────────────╯ │
│                   ││ ╰───────────────╯ ││                   ││                   │
│ ╭───────────────╮ ││                   ││                   ││                   │
│ │ Add passwo…   │ ││                   ││                   ││                   │
│ │  P3  •  T     │ ││                   ││                   ││                   │
│ ╰───────────────╯ ││                   ││                   ││                   │
│                   ││                   ││                   ││                   │
│                   ││                   ││                   ││                   │
│                   ││                   ││                   ││                   │
│                   ││                   ││                   ││                   │
│                   ││                   ││                   ││                   │
│                   ││                   ││                   ││                   │
│                   ││                   ││                   ││                   │
│                   ││                   ││                   ││                   │
│                   ││                   ││                   ││                   │
╰───────────────────╯╰───────────────────╯╰───────────────────╯╰───────────────────╯