 ─ Open ────────────────────────────      ─ In Progress ─────────────────────      ─ Blocked ─────────────────────────      ─ Done ────────────────────────────     
                                                                                                                                                                    
╭───────────────────────────────────────╮╭───────────────────────────────────────╮╭───────────────────────────────────────╮╭───────────────────────────────────────╮
│ ╭───────────────────────────────────╮ ││ ╭───────────────────────────────────╮ ││ ╭───────────────────────────────────╮ ││ ╭───────────────────────────────────╮ │
│ │ Implement user authentication     │ ││ │ API endpoint refactor             │ ││ │ Deploy to production              │ ││ │ Setup CI/CD pipeline              │ │
│ │  P2  •  T                         │ ││ │  P1  •  B                         │ ││ │  P0  •  T                         │ ││ │  P3  •  T                         │ │
│ ╰───────────────────────────────────╯ ││ ╰───────────────────────────────────╯ ││ ╰───────────────────────────────────╯ ││ ╰───────────────────────────────────╯ │
│                                       ││                                       ││                                       ││                                       │
│ ╭───────────────────────────────────╮ ││ ╭───────────────────────────────────╮ ││                                       ││ ╭───────────────────────────────────╮ │
│ │ Fix login redirect bug            │ ││ │ Database migration epic           │ ││                                       ││ │ ▶Configure monitoring             │ │
│ │  P1  •  F                         │ ││ │  P2  •  E                         │ ││                                       ││ │  P4  •  T                         │ │
│ ╰───────────────────────────────────╯ ││ ╰───────────────────────────────────╯ ││                                       ││ ╰───────────────────────────────────╯ │
│                                       ││                                       ││                                       ││                                       │
│ ╭───────────────────────────────────╮ ││                                       ││                                       ││                                       │
│ │ Add password reset flow           │ ││                                       ││                                       ││                                       │
│ │  P3  •  T                         │ ││                                       ││                                       ││                                       │
│ ╰───────────────────────────────────╯ ││                                       ││                                       ││                                       │
│                                       ││                                       ││                                       ││                                       │
│                                       ││                                       ││                                       ││                                       │
│                                       ││                                       ││                                       ││                                       │
│                                       ││                                       ││                                       ││                                       │
│                                       ││                                       ││                                       ││                                       │
│                                       ││                                       ││                                       ││                                       │
│                                       ││                                       ││                                       ││                                       │
│                                       ││                                       ││                                       ││                                       │
│                                       ││                                       ││                                       ││                                       │
│                                       ││                                       ││                                       ││                                       │
│                                       ││                                       ││                                       ││                                       │
│                                       ││                                       ││                                       ││                                       │
│                                       ││                                       ││                                       ││                                       │
│                                       ││                                       ││                                       ││                                       │
│                                       ││                                       ││                                       ││                                       │
│                                       ││                                       ││                                       ││                                       │
│                                       ││                                       ││                                       ││                                       │
│                                       ││                                       ││                                       ││                                       │
│                                       ││                                       ││                                       ││                                       │
│                                       ││                                       ││                                       ││                                       │
│                                       ││                                       ││                                       ││                                       │
│                                       ││                                       ││                                       ││                                       │
│                                       ││                                       ││                                       ││                                       │
│                                       ││                                       ││                                       ││                                       │
│                                       ││                                       ││                                       ││                                       │
╰───────────────────────────────────────╯╰───────────────────────────────────────╯╰───────────────────────────────────────╯╰───────────────────────────────────────╯