 Orch 1p 0s 02:00
┌────────────────────────────────────────────────┐
│ azedarach                                      │
│ 0 sessions                                     │
│ orchestrator working live=true  workers 2/4    │
│ ready 2  review 1                              │
│ waiting-human 1  owned-elsewhere 1             │
│ last worker-progress: implemented typed        │
│ proje...                                       │
│ health: watch cursor stale                     │
│ No active sessions                             │
│                                                │
│                                                │
│                                                │
│                                                │
│                                                │
└────────────────────────────────────────────────┘
 azedarach │   NORMAL   │ F:none │ S:git_diff/asc
