╭────────────────────────────────────────────────────────────────────╮
│ATTACHMENTS FOR az-321                                              │
│────────────────────────────────────────────────────────────────────│
│▶ board-screen.png                         332.25 KB  png           │
│  mobile-panel.png                         97.53 KB  png            │
│                                                                    │
│                                                                    │
│                                                                    │
│                                                                    │
│                                                                    │
│                                                                    │
│Actions                                                             │
│────────────────────────────────────────────────────────────────────│
│  p         paste from clipboard                                    │
│  f         attach from file                                        │
│  o         open                                                    │
│  d/x       delete                                                  │
│  Enter/v   preview                                                 │
│  Esc       close                                                   │
╰────────────────────────────────────────────────────────────────────╯