╭──────────────────────────────────────────────────────────────────────╮
│Confirm Delete                                                        │
│──────────────────────────────────────────────────────────────────────│
│⚠ Confirm Delete                                                      │
│Delete image: mobile-panel.png?                                       │
│                                                                      │
│                                                                      │
│Size: 97.53 KB                                                        │
│This action cannot be undone.                                         │
│[Y] Yes, delete                                                       │
│                                                                      │
│                                                                      │
│                                                                      │
│Actions                                                               │
│──────────────────────────────────────────────────────────────────────│
│[Y] Yes, delete                                                       │
│[N] No, cancel                                                        │
│Esc Cancel                                                            │
│                                                                      │
│                                                                      │
│                                                                      │
╰──────────────────────────────────────────────────────────────────────╯