╭──────────────────────────────────────────────────────────────────────────────────╮
│MERGE CONFLICTS                                                                   │
│──────────────────────────────────────────────────────────────────────────────────│
││ ⚠ Merge conflicts detected!                          Actions                    │
││                                                      ───────────────────────────│
││ Have AI resolve this merge in the session now? (c     j/k navigate              │
││ yes)                                                  c ai resolve              │
││                                                       o open                    │
││ Conflicted files:                                     a abort                   │
││ ▸ internal/ui/app.go                                  Esc close                 │
││   internal/domain/task.go                                                       │
││   internal/services/git.go                                                      │
││                                                                                 │
││                                                                                 │
╰──────────────────────────────────────────────────────────────────────────────────╯