╭──────────────────────────────────────────────────────────────────────────────────╮
│ATTACHMENT DETAILS                                                                │
│──────────────────────────────────────────────────────────────────────────────────│
││ Attachment Details                              Actions                         │
││                                                 ────────────────────────────────│
││          ID:  a2                                 o open in viewer               │
││    Filename:  mobile-panel.png                   Esc back to list               │
││   MIME Type:  image/png                                                         │
││        Size:  97.53 KB                                                          │
││     Created:  2026-03-30 08:10:00                                               │
││                                                                                 │
││        Path:  /tmp/mobile-panel.png                                             │
││                                                                                 │
││                                                                                 │
││                                                                                 │
││                                                                                 │
││                                                                                 │
││                                                                                 │
││                                                                                 │
││                                                                                 │
││                                                                                 │
││                                                                                 │
││                                                                                 │
╰──────────────────────────────────────────────────────────────────────────────────╯