╭────────────────────────────────────────────────────────────────────────────────────────────────────────────────────╮
│MERGE CHOICE                                                                                                        │
│────────────────────────────────────────────────────────────────────────────────────────────────────────────────────│
││ 3 commits behind main. Merge latest?                                        Actions                               │
││                                                                             ──────────────────────────────────────│
││ [M] Merge & Attach                                                            M         merge & attach            │
││ [S] Skip & Attach                                                             S         skip & attach             │
││                                                                               Esc       cancel                    │
││                                                                                                                   │
││                                                                                                                   │
││                                                                                                                   │
││                                                                                                                   │
││                                                                                                                   │
││                                                                                                                   │
││                                                                                                                   │
││                                                                                                                   │
││                                                                                                                   │
││                                                                                                                   │
││                                                                                                                   │
││                                                                                                                   │
││                                                                                                                   │
││                                                                                                                   │
││                                                                                                                   │
││                                                                                                                   │
││                                                                                                                   │
││                                                                                                                   │
││                                                                                                                   │
││                                                                                                                   │
││                                                                                                                   │
││                                                                                                                   │
││                                                                                                                   │
╰────────────────────────────────────────────────────────────────────────────────────────────────────────────────────╯