╭──────────────────────────────────────────────────────────────────────────────────────────╮
│ATTACHMENTS FOR az-321                                                                    │
│──────────────────────────────────────────────────────────────────────────────────────────│
││   board-screen.png                         332.25 KB    Actions                         │
││ png                                                     ────────────────────────────────│
││ ▶ mobile-panel.png                         97.53 KB      p paste clipboard              │
││ png                                                      f attach file                  │
││                                                          o open viewer                  │
││                                                          d/x delete                     │
││                                                          Enter/v preview                │
││                                                          Esc close                      │
││                                                                                         │
││                                                                                         │
╰──────────────────────────────────────────────────────────────────────────────────────────╯