╭──────────────────────────────────────────────────────────╮
│DELETE TASK                                               │
│──────────────────────────────────────────────────────────│
│Delete task az-321?                                       │
│                                                          │
│[Y] Yes                                                   │
│[N] No                                                    │
│                                                          │
│                                                          │
│                                                          │
│Actions                                                   │
│──────────────────────────────────────────────────────────│
│ ←/→/Tab switch                                           │
│ Enter confirm                                            │
│ Esc cancel                                               │
│                                                          │
│                                                          │
│                                                          │
╰──────────────────────────────────────────────────────────╯