╭──────────────────────────────────────────────────────────────────────────────────╮
│ATTACHMENTS FOR az-321                                                            │
│──────────────────────────────────────────────────────────────────────────────────│
││   board-screen.png                         332.25    Actions                    │
││ KB  png                                              ───────────────────────────│
││ ▶ mobile-panel.png                         97.53 K     p         paste from c...│
││ png                                                    f         attach from ...│
││                                                        o         open           │
││                                                        d/x       delete         │
││                                                        Enter/v   preview        │
││                                                        Esc       close          │
││                                                                                 │
││                                                                                 │
╰──────────────────────────────────────────────────────────────────────────────────╯