╭──────────────────────────────────────────────────────────────╮
│GIT SYNC                                                      │
│──────────────────────────────────────────────────────────────│
│Your local main branch is behind by 7 commits.                │
│                                                              │
│[P] Pull Now                                                  │
│[N] Not Now                                                   │
│                                                              │
│                                                              │
│                                                              │
│Actions                                                       │
│──────────────────────────────────────────────────────────────│
│  ←/→/Tab      switch                                         │
│  Enter        confirm                                        │
│  Esc          cancel                                         │
│                                                              │
│                                                              │
│                                                              │
╰──────────────────────────────────────────────────────────────╯