╭──────────────────────────────────────────────────────────╮
│Select Merge Target                                       │
│──────────────────────────────────────────────────────────│
││ Merge az-123 into:                   Actions            │
││                                      ───────────────────│
││                                       j/k navigate      │
││ ▸  az-456 [open] Related task 1       Enter select      │
││    az-789 [closed] Related task 2     Esc cancel        │
││ (no worktree)                                           │
╰──────────────────────────────────────────────────────────╯