╭────────────────────────────────────────────────────────────────────────────────────────────────────────────────────╮
│DEV SERVERS                                                                                                         │
│────────────────────────────────────────────────────────────────────────────────────────────────────────────────────│
││ ● api :8080  1h32m                                                          Actions                               │
││ ○ web :5173  —                                                              ──────────────────────────────────────│
││ ✗ queue :8081  —                                                              Enter     toggle                    │
││                                                                               v         view output               │
││                                                                               r         restart                   │
││                                                                               Esc       close                     │
││                                                                                                                   │
││                                                                                                                   │
││                                                                                                                   │
││                                                                                                                   │
││                                                                                                                   │
││                                                                                                                   │
││                                                                                                                   │
││                                                                                                                   │
││                                                                                                                   │
││                                                                                                                   │
││                                                                                                                   │
││                                                                                                                   │
││                                                                                                                   │
││                                                                                                                   │
││                                                                                                                   │
││                                                                                                                   │
││                                                                                                                   │
││                                                                                                                   │
││                                                                                                                   │
││                                                                                                                   │
││                                                                                                                   │
││                                                                                                                   │
╰────────────────────────────────────────────────────────────────────────────────────────────────────────────────────╯