╭────────────────────────────────────────────────────────────────────────────────────────────────────────────────────╮
│DELETE TASK                                                                                                         │
│────────────────────────────────────────────────────────────────────────────────────────────────────────────────────│
││ Delete task az-321?                                                         Actions                               │
││                                                                             ──────────────────────────────────────│
││ [Y] Yes                                                                       ←/→/Tab      switch                 │
││ [N] No                                                                        Enter        confirm                │
││                                                                               Esc          cancel                 │
││                                                                                                                   │
││                                                                                                                   │
││                                                                                                                   │
││                                                                                                                   │
││                                                                                                                   │
││                                                                                                                   │
││                                                                                                                   │
││                                                                                                                   │
││                                                                                                                   │
││                                                                                                                   │
││                                                                                                                   │
││                                                                                                                   │
││                                                                                                                   │
││                                                                                                                   │
││                                                                                                                   │
││                                                                                                                   │
││                                                                                                                   │
││                                                                                                                   │
││                                                                                                                   │
││                                                                                                                   │
││                                                                                                                   │
││                                                                                                                   │
││                                                                                                                   │
╰────────────────────────────────────────────────────────────────────────────────────────────────────────────────────╯