╭────────────────────────────────────────────────────────────────────────────────╮
│Image Preview                                                                   │
│────────────────────────────────────────────────────────────────────────────────│
│Image Preview - Image 1/2                                                       │
│                                                                                │
│     Filename:  board-screen.png                                                │
│    MIME Type:  image/png                                                       │
│         Size:  332.25 KB                                                       │
│      Created:  0001-01-01 00:00:00                                             │
│         Path:                                                                  │
│                                                                                │
│[● ○]                                                                           │
│                                                                                │
│                                                                                │
│                                                                                │
│                                                                                │
│                                                                                │
│                                                                                │
│                                                                                │
│Actions                                                                         │
│────────────────────────────────────────────────────────────────────────────────│
│ h/l Navigate                                                                   │
│ g/G First/Last                                                                 │
│ o Open                                                                         │
│ d Delete                                                                       │
│ r Refresh                                                                      │
│ Esc Close                                                                      │
╰────────────────────────────────────────────────────────────────────────────────╯