╭──────────────────────────────────────────────────────────────────────────────────╮
│MERGE CONFLICTS                                                                   │
│──────────────────────────────────────────────────────────────────────────────────│
││ ⚠ Merge conflicts detected!                          Actions                    │
││                                                      ───────────────────────────│
││ Conflicted files:                                     j/k navigate              │
││ ▸ internal/ui/app.go                                  c resolve                 │
││   internal/domain/task.go                             o open                    │
││   internal/services/git.go                            a abort                   │
││                                                       Esc close                 │
││                                                                                 │
││                                                                                 │
││                                                                                 │
││                                                                                 │
╰──────────────────────────────────────────────────────────────────────────────────╯