╭────────────────────────────────────────────────────────────────────────────────────────────────────────────────────╮
│Select Upstream Source                                                                                              │
│────────────────────────────────────────────────────────────────────────────────────────────────────────────────────│
││ Merge into az-123 from:                                                     Actions                               │
││                                                                             ──────────────────────────────────────│
││                                                                               j/k       navigate                  │
││ ▸  az-456 [open] Related task 1                                               Enter     select                    │
││                                                                               Esc       cancel                    │
││                                                                                                                   │
││                                                                                                                   │
││                                                                                                                   │
││                                                                                                                   │
││                                                                                                                   │
││                                                                                                                   │
││                                                                                                                   │
││                                                                                                                   │
││                                                                                                                   │
││                                                                                                                   │
││                                                                                                                   │
││                                                                                                                   │
││                                                                                                                   │
││                                                                                                                   │
││                                                                                                                   │
││                                                                                                                   │
││                                                                                                                   │
││                                                                                                                   │
││                                                                                                                   │
││                                                                                                                   │
││                                                                                                                   │
││                                                                                                                   │
││                                                                                                                   │
╰────────────────────────────────────────────────────────────────────────────────────────────────────────────────────╯