╭──────────────────────────────────────────────────────────────────────────────────╮
│ATTACHMENTS FOR az-321                                                            │
│──────────────────────────────────────────────────────────────────────────────────│
││   board-screen.png                              Actions                         │
││ 332.25 KB  png                                  ────────────────────────────────│
││ ▶ mobile-panel.png                               p paste clipboard              │
││ 97.53 KB  png                                    f attach file                  │
││                                                  o open viewer                  │
││                                                  d/x delete                     │
││                                                  Enter/v preview                │
││                                                  Esc close                      │
││                                                                                 │
││                                                                                 │
╰──────────────────────────────────────────────────────────────────────────────────╯