╭────────────────────────────────────────────────────────────────────╮
│System Diagnostics - Overview [HEALTHY]                             │
│────────────────────────────────────────────────────────────────────│
│OVERVIEW                                                            │
│                                                                    │
│       Status:  HEALTHY                                             │
│      Updated:  08:30:00                                            │
│                                                                    │
│                                                                    │
│                                                                    │
│                                                                    │
│Actions                                                             │
│────────────────────────────────────────────────────────────────────│
│ Tab Switch section                                                 │
│ 1-6 Jump to section                                                │
│ j/k Scroll                                                         │
│ r Refresh                                                          │
│ q/Esc Close                                                        │
│  (line 1/14)                                                       │
╰────────────────────────────────────────────────────────────────────╯