╭──────────────────────────────────────────────────────────────────────────────────────────────────────────────────╮
│System Diagnostics - Overview [HEALTHY]                                                                           │
│──────────────────────────────────────────────────────────────────────────────────────────────────────────────────│
││ OVERVIEW                                                                   Actions                              │
││                                                                            ─────────────────────────────────────│
││        Status:  HEALTHY                                                     Tab Switch section                  │
││       Updated:  08:30:00                                                    1-6 Jump to section                 │
││                                                                             j/k/ctrl+u/d Scroll                 │
││ SUMMARY                                                                     r Refresh                           │
││      Sessions:  1 active                                                    q/Esc Close                         │
││         Ports:  1 allocated                                                                                     │
││     Worktrees:  1 active                                                                                        │
││    Operations:  3 total, 2 cancelable                                                                           │
││       Network:  Online                                                                                          │
││                                                                                                                 │
││   ✓ All systems operational                                                                                     │
││                                                                                                                 │
││                                                                                                                 │
││                                                                                                                 │
││                                                                                                                 │
││                                                                                                                 │
││                                                                                                                 │
││                                                                                                                 │
││                                                                                                                 │
││                                                                                                                 │
││                                                                                                                 │
││                                                                                                                 │
││                                                                                                                 │
││                                                                                                                 │
││                                                                                                                 │
││                                                                                                                 │
╰──────────────────────────────────────────────────────────────────────────────────────────────────────────────────╯