╭────────────────────────────────────────────────────────────────────╮
│MERGE CONFLICTS                                                     │
│────────────────────────────────────────────────────────────────────│
│⚠ Merge conflicts detected!                                         │
│                                                                    │
│Conflicted files:                                                   │
│▸ internal/ui/app.go                                                │
│  internal/domain/task.go                                           │
│                                                                    │
│                                                                    │
│                                                                    │
│Actions                                                             │
│────────────────────────────────────────────────────────────────────│
│  j/k       navigate                                                │
│  c         resolve                                                 │
│  o         open                                                    │
│  a         abort                                                   │
│  Esc       close                                                   │
│                                                                    │
╰────────────────────────────────────────────────────────────────────╯