╭──────────────────────────────────────────────────────────────────────────────────────╮
│PROJECT SELECTOR                                                                      │
│──────────────────────────────────────────────────────────────────────────────────────│
││ 1. chefy [default]                                      Actions                     │
││    /Users/riordan/prog/Chefy                            ────────────────────────────│
││ 2. azedarach (current)                                    1-9       switch          │
││    /Users/riordan/prog/azedarach                          Enter     switch          │
││ 3. otel-tui                                               d         default         │
││    /Users/riordan/prog/otel-tui                           x         remove          │
││                                                           a         add             │
││                                                           D         detect          │
││                                                           Esc       close           │
││                                                                                     │
╰──────────────────────────────────────────────────────────────────────────────────────╯