╭──────────────────────────────────────────────────────────────────────────────────────────────────╮
│Session Orchestration                                                                             │
│──────────────────────────────────────────────────────────────────────────────────────────────────│
││                                                                 Actions                         │
││                                                                 ────────────────────────────────│
││                                                                   j/k       navigate            │
││                                                                   Enter/a   attach              │
││                     No active sessions                            x         kill                │
││                                                                   r         refresh             │
││          Press Space on a task to start a session                 Esc       close               │
││                                                                                                 │
││                                                                                                 │
││                                                                                                 │
││                                                                                                 │
││                                                                                                 │
╰──────────────────────────────────────────────────────────────────────────────────────────────────╯