╭────────────────────────────────────────────────────────────────────╮
│Image Preview                                                       │
│────────────────────────────────────────────────────────────────────│
│Image Preview - Image 1/1                                           │
│                                                                    │
│     Filename:  board-screen.png                                    │
│    MIME Type:  image/png                                           │
│         Size:  332.25 KB                                           │
│                                                                    │
│                                                                    │
│                                                                    │
│Actions                                                             │
│────────────────────────────────────────────────────────────────────│
│  o         Open                                                    │
│  d         Delete                                                  │
│  r         Refresh                                                 │
│  Esc       Close                                                   │
│                                                                    │
│                                                                    │
╰────────────────────────────────────────────────────────────────────╯