╭────────────────────────────────────────────────────────────────────╮
│MERGE CONFLICTS                                                     │
│────────────────────────────────────────────────────────────────────│
│⚠ Merge conflicts detected!                                         │
│                                                                    │
│Have AI resolve this merge in the session now? (c = yes)            │
│                                                                    │
│Conflicted files:                                                   │
│                                                                    │
│                                                                    │
│                                                                    │
│Actions                                                             │
│────────────────────────────────────────────────────────────────────│
│ j/k navigate                                                       │
│ c ai resolve                                                       │
│ o open                                                             │
│ a abort                                                            │
│ Esc close                                                          │
│                                                                    │
╰────────────────────────────────────────────────────────────────────╯