╭────────────────────────────────────────────────────────────────────────────────────────────────────────────────────╮
│Confirm Delete                                                                                                      │
│────────────────────────────────────────────────────────────────────────────────────────────────────────────────────│
││ ⚠ Confirm Delete                                                            Actions                               │
││ Delete image: mobile-panel.png?                                             ──────────────────────────────────────│
││                                                                             [Y] Yes, delete                       │
││                                                                             [N] No, cancel                        │
││ Size: 97.53 KB                                                              Esc Cancel                            │
││ This action cannot be undone.                                                                                     │
││ [Y] Yes, delete                                                                                                   │
││ [N] No, cancel                                                                                                    │
││                                                                                                                   │
││                                                                                                                   │
││                                                                                                                   │
││                                                                                                                   │
││                                                                                                                   │
││                                                                                                                   │
││                                                                                                                   │
││                                                                                                                   │
││                                                                                                                   │
││                                                                                                                   │
││                                                                                                                   │
││                                                                                                                   │
││                                                                                                                   │
││                                                                                                                   │
││                                                                                                                   │
││                                                                                                                   │
││                                                                                                                   │
││                                                                                                                   │
││                                                                                                                   │
││                                                                                                                   │
╰────────────────────────────────────────────────────────────────────────────────────────────────────────────────────╯