╭────────────────────────────────────────────────────────────────────────────────────────────────────────────────────╮
│Settings                                                                                                            │
│────────────────────────────────────────────────────────────────────────────────────────────────────────────────────│
││ General                                                                     Actions                               │
││ ▶   Auto-refresh issues...............yes [refresh]                         ──────────────────────────────────────│
││     Compact card view.................no [compact]                            j/k          move                   │
││     Theme.............................macchiato [theme]                       h/l          cycle                  │
││                                                                               Enter/Space  toggle/activate        │
││ Actions                                                                       e            edit config            │
││ ───────────────────                                                           Esc          close                  │
││     Open config in $EDITOR............open [editor]                                                               │
││     Manage projects...................open [projects]                                                             │
││                                                                                                                   │
││                                                                                                                   │
││                                                                                                                   │
││                                                                                                                   │
││                                                                                                                   │
││                                                                                                                   │
││                                                                                                                   │
││                                                                                                                   │
││                                                                                                                   │
││                                                                                                                   │
││                                                                                                                   │
││                                                                                                                   │
││                                                                                                                   │
││                                                                                                                   │
││                                                                                                                   │
││                                                                                                                   │
││                                                                                                                   │
││                                                                                                                   │
││                                                                                                                   │
╰────────────────────────────────────────────────────────────────────────────────────────────────────────────────────╯