╭──────────────────────────────────────────────────────────────────────╮
│Create New Task                                                       │
│──────────────────────────────────────────────────────────────────────│
││ Title:                                       Actions                │
││ > Replace top level functions                ───────────────────────│
││ Description:                                   Tab / Shift+Tab      │
││ ┃   1 Review docs/src code of emdash.sh      Switch fields          │
││ ┃     for improvements                         T/B/F/E/C        Set │
││ ┃                                            type                   │
││ ┃                                              0/1/2/3/4        Set │
││ Type: [●T] [ B] [ F] [ E] [ C]               priority               │
││ Priority: [ 0] [ 1] [●2] [ 3] [ 4]             Enter                │
││                                              Create task            │
││ [ Create Task ]                                Ctrl+E           Edit│
││                                              in $EDITOR             │
││                                                Esc                  │
││                                              Cancel                 │
││                                                                     │
││                                                                     │
││                                                                     │
││                                                                     │
╰──────────────────────────────────────────────────────────────────────╯