╭────────────────────────────────────────────────────────────────────────────────────────────────────────────────────╮
│Create New Task                                                                                                     │
│────────────────────────────────────────────────────────────────────────────────────────────────────────────────────│
││ Title: > Replace top level functions                                        Actions                               │
││ Description:                                                                ──────────────────────────────────────│
││ ┃   1 Review docs/src code of emdash.sh for improvements                      Tab / Shift+Tab  Switch fields      │
││ ┃                                                                             T/B/F/E/C        Set type           │
││ ┃                                                                             0/1/2/3/4        Set priority       │
││ ┃                                                                             Enter            Create task        │
││ ┃                                                                             Ctrl+E           Edit in $EDITOR    │
││ ┃                                                                             Esc              Cancel             │
││ ┃                                                                                                                 │
││ ┃                                                                                                                 │
││ ┃                                                                                                                 │
││ ┃                                                                                                                 │
││ ┃                                                                                                                 │
││ ┃                                                                                                                 │
││ ┃                                                                                                                 │
││ ┃                                                                                                                 │
││ ┃                                                                                                                 │
││ ┃                                                                                                                 │
││ Type: [●T] [ B] [ F] [ E] [ C]                                                                                    │
││ Priority: [ 0] [ 1] [●2] [ 3] [ 4]                                                                                │
││                                                                                                                   │
││ ─────────────────────────────────────────────────────────────────────────                                         │
││                                                                                                                   │
││ [ Create Task ]                                                                                                   │
││                                                                                                                   │
││                                                                                                                   │
││                                                                                                                   │
││                                                                                                                   │
╰────────────────────────────────────────────────────────────────────────────────────────────────────────────────────╯