╭────────────────────────────────────────────────────────────────────────╮
│Create Pull Request                                                     │
│────────────────────────────────────────────────────────────────────────│
││ Creating PR: feature/auth → main (Issue: az-   Actions                │
││ 42)                                            ───────────────────────│
││                                                  Tab / Shift+Tab      │
││ Title:                                         Switch fields          │
││ > Pull request title...                          d                    │
││   Description:                                 Toggle draft           │
││ ┃   1 Describe your changes (supports            Ctrl+S               │
││ ┃     markdown)...                             Submit                 │
││ ┃                                                Enter                │
││ ┃                                              Submit focused         │
││         Draft:  [✓] Draft PR (ready for          Esc                  │
││ review later)                                  Cancel                 │
││                                                                       │
││ [ Create Pull Request ]                                               │
││                                                                       │
││                                                                       │
╰────────────────────────────────────────────────────────────────────────╯